{
  "first": "first-value",
  "second": "second-value"
}